// Jest Snapshot v1, https://goo.gl/fbAQLP

exports[`An Emoji is displayed 1`] = `
<div
  style={
    Object {
      "alignItems": "center",
      "display": "flex",
      "height": "100vh",
      "justifyContent": "center",
    }
  }
>
  <img
    src=""
    width="64px"
  />
</div>
`;
